---
source: repo-to-md/src/tests.rs
expression: "String::from_utf8(output).expect(\"utf8\")"
snapshot_kind: text
---
# Issue #42: Add dark mode support

**Labels:** enhancement, ui

## Description

It would be great to have a dark mode option for the application.

This should include:
- Toggle in settings
- System preference detection
- Persistence of user choice
